> mylogit<-glm(Y~ X,data= Dataset_14TA01,family="binomial")
> summary(mylogit)

Call:
glm(formula = Y ~ X, family = "binomial", data = Dataset_14TA01)

Deviance Residuals: 
    Min       1Q   Median       3Q      Max  
-1.8992  -0.7509  -0.4140   0.7992   1.9624  

Coefficients:
            Estimate Std. Error z value Pr(>|z|)  
(Intercept) -3.05970    1.25935  -2.430   0.0151 *
X            0.16149    0.06498   2.485   0.0129 *
---
Signif. codes:  0 ‘***’ 0.001 ‘**’ 0.01 ‘*’ 0.05 ‘.’ 0.1 ‘ ’ 1

(Dispersion parameter for binomial family taken to be 1)

    Null deviance: 34.296  on 24  degrees of freedom
Residual deviance: 25.425  on 23  degrees of freedom
AIC: 29.425

Number of Fisher Scoring iterations: 4

> as.matrix(mylogit$fitted.values)
         [,1]
1  0.31026237
2  0.83526292
3  0.10999616
4  0.72660237
5  0.46183704
6  0.08213002
7  0.46183704
8  0.24566554
9  0.62081158
10 0.10999616
11 0.85629862
12 0.21698039
13 0.85629862
14 0.09515416
15 0.54240353
16 0.27680234
17 0.16709980
18 0.89166416
19 0.69337941
20 0.27680234
21 0.50213414
22 0.08213002
23 0.81182461
24 0.62081158
25 0.14581508
> 
> anova(mylogit,f2,test="Chi")
Analysis of Deviance Table

Model: binomial, link: logit

Response: Y

Terms added sequentially (first to last)


     Df Deviance Resid. Df Resid. Dev Pr(>Chi)   
NULL                    24     34.296            
X     1   8.8719        23     25.425 0.002896 **
---
Signif. codes:  0 ‘***’ 0.001 ‘**’ 0.01 ‘*’ 0.05 ‘.’ 0.1 ‘ ’ 1
> 
library(ResourceSelection)
hoslem.test(mylogit$y,fitted(mylogit),g=5)

	Hosmer and Lemeshow goodness of fit (GOF) test

data:  mylogit$y, fitted(mylogit)
X-squared = 6.56, df = 8, p-value = 0.5848

> hoslem.test(mylogit$y,fitted(mylogit),g=5)

	Hosmer and Lemeshow goodness of fit (GOF) test

data:  mylogit$y, fitted(mylogit)
X-squared = 2.1664, df = 3, p-value = 0.5386



#######################

disease<-glm(Y~ .,data= Dataset_14TA03,family="binomial")
f<-step(disease,trace=0)
> summary(f)

Call:
glm(formula = Y ~ X1 + X4, family = "binomial", data = Dataset_14TA03)

Deviance Residuals: 
    Min       1Q   Median       3Q      Max  
-1.7296  -0.7048  -0.4940   0.9870   2.0929  

Coefficients:
            Estimate Std. Error z value Pr(>|z|)    
(Intercept) -2.33515    0.51113  -4.569 4.91e-06 ***
X1           0.02929    0.01317   2.224 0.026153 *  
X4           1.67345    0.48734   3.434 0.000595 ***
---
Signif. codes:  0 ‘***’ 0.001 ‘**’ 0.01 ‘*’ 0.05 ‘.’ 0.1 ‘ ’ 1

(Dispersion parameter for binomial family taken to be 1)

    Null deviance: 122.32  on 97  degrees of freedom
Residual deviance: 102.26  on 95  degrees of freedom
AIC: 108.26

Number of Fisher Scoring iterations: 4

############################

> f.poss<-glm(Y~.,family=poisson,data=Dataset_14TA14)
> summary(f.poss)

Call:
glm(formula = Y ~ ., family = poisson, data = Dataset_14TA14)

Deviance Residuals: 
     Min        1Q    Median        3Q       Max  
-2.93195  -0.58868  -0.00009   0.59269   2.23441  

Coefficients:
              Estimate Std. Error z value Pr(>|z|)    
(Intercept)  2.942e+00  2.072e-01  14.198  < 2e-16 ***
X1           6.058e-04  1.421e-04   4.262 2.02e-05 ***
X2          -1.169e-05  2.112e-06  -5.534 3.13e-08 ***
X3          -3.726e-03  1.782e-03  -2.091   0.0365 *  
X4           1.684e-01  2.577e-02   6.534 6.39e-11 ***
X5          -1.288e-01  1.620e-02  -7.948 1.89e-15 ***
---
Signif. codes:  0 ‘***’ 0.001 ‘**’ 0.01 ‘*’ 0.05 ‘.’ 0.1 ‘ ’ 1

(Dispersion parameter for poisson family taken to be 1)

    Null deviance: 422.22  on 109  degrees of freedom
Residual deviance: 114.99  on 104  degrees of freedom
AIC: 571.02

Number of Fisher Scoring iterations: 4

> as.matrix(f.poss$fitted.values)
         [,1]
1   12.337775
2    8.767095
3   28.125856
4    8.407109
5    7.260584
6    8.881802
7    4.298174
8   10.998852
9   14.443973
10  11.634382
11   8.398692
12  11.881575
13   5.677557
14  10.209731
15   8.211137
16   8.272794
17   6.426701
18  25.294323
19  23.841429
20  17.866630
21   8.870362
22  10.323034
23   6.103330
24  17.923031
25  11.699749
26  11.054121
27  19.004055
28   9.081660
29  13.113527
30  11.829900
31   7.991561
32  15.752915
33   3.932143
34   7.506397
35   9.177026
36   6.673720
37   4.067281
38   8.690762
39   6.869074
40  14.443576
41  30.058982
42   6.999761
43  34.825300
44  19.434551
45   4.131026
46   8.615824
47   8.502551
48  19.075131
49  10.005600
50  28.963145
51   9.137736
52   7.615889
53   4.194776
54   9.017699
55  11.897043
56  22.086167
57  11.052685
58  10.150651
59  10.779757
60   6.040313
61  13.296012
62   9.452136
63   6.373257
64   6.112368
65  10.536143
66   8.638593
67   6.192303
68   7.482695
69  11.755293
70  11.464892
71  10.052666
72   7.333157
73   8.561523
74   6.071091
75   8.422700
76  11.376427
77  18.070673
78   7.564798
79   8.450832
80  14.814391
81   8.504470
82   8.801502
83   5.949213
84   6.980251
85  29.159018
86   6.759882
87  16.798005
88  12.874979
89  23.972052
90  10.690111
91   5.034554
92   6.412208
93   6.745167
94  16.884234
95  11.568714
96   7.556473
97  19.560262
98   6.610497
99   9.095420
100 12.055757
101  9.810513
102 11.248973
103 10.468312
104 11.939530
105  7.544452
106 12.091472
107 10.779767
108  5.318607
109  4.407869
110  6.427799
> 

